Target total: 4000 (1000 per department)
Using 11 concurrent workers (cpu_count=11)
[1] +20/20 visa:simple=20/500 total=20/4000
[2] +20/20 visa:simple=40/500 total=40/4000
[3] +19/20 visa:simple=59/500 total=59/4000
[4] +17/20 visa:simple=76/500 total=76/4000
[5] +17/20 visa:simple=93/500 total=93/4000
[6] +17/20 visa:simple=110/500 total=110/4000
[7] +18/20 visa:simple=128/500 total=128/4000
[8] +20/20 visa:simple=148/500 total=148/4000
[9] +20/20 visa:simple=168/500 total=168/4000
[10] +19/20 visa:simple=187/500 total=187/4000
[11] +18/20 visa:simple=205/500 total=205/4000
[12] +20/20 residency:tricky=20/500 total=225/4000
[13] +20/20 general:simple=20/500 total=245/4000
[14] +20/20 residency:simple=20/500 total=265/4000
[15] +20/20 residency:tricky=40/500 total=285/4000
[16] +20/20 traffic:simple=20/500 total=305/4000
[17] +20/20 traffic:tricky=20/500 total=325/4000
[18] +20/20 traffic:simple=40/500 total=345/4000
[19] +20/20 general:simple=40/500 total=365/4000
[20] +20/20 general:simple=60/500 total=385/4000
[21] +20/20 general:simple=80/500 total=405/4000
[22] +20/20 residency:tricky=60/500 total=425/4000
[23] +20/20 residency:simple=40/500 total=445/4000
[24] +20/20 traffic:simple=60/500 total=465/4000
[25] +20/20 traffic:simple=80/500 total=485/4000
[26] +20/20 residency:tricky=80/500 total=505/4000
[27] +20/20 residency:simple=60/500 total=525/4000
[28] +19/20 residency:simple=79/500 total=544/4000
[29] +20/20 traffic:tricky=40/500 total=564/4000
[30] +19/20 residency:tricky=99/500 total=583/4000
[31] +20/20 visa:tricky=20/500 total=603/4000
[32] +20/20 general:tricky=20/500 total=623/4000
[33] +20/20 visa:tricky=40/500 total=643/4000
[34] +20/20 general:simple=100/500 total=663/4000
[35] +20/20 residency:simple=99/500 total=683/4000
[36] +20/20 visa:tricky=60/500 total=703/4000
[37] +18/20 visa:simple=223/500 total=721/4000
[38] +20/20 general:simple=120/500 total=741/4000
[39] +20/20 residency:simple=119/500 total=761/4000
[40] +20/20 visa:simple=243/500 total=781/4000
[41] +20/20 general:tricky=40/500 total=801/4000
[42] +20/20 residency:tricky=119/500 total=821/4000
[43] +20/20 general:simple=140/500 total=841/4000
[44] +20/20 visa:tricky=80/500 total=861/4000
[45] +20/20 general:tricky=60/500 total=881/4000
[46] +19/20 residency:tricky=138/500 total=900/4000
[47] +18/20 visa:simple=261/500 total=918/4000
[48] +20/20 residency:tricky=158/500 total=938/4000
[49] +20/20 residency:tricky=178/500 total=958/4000
[50] +20/20 visa:tricky=100/500 total=978/4000
[51] +19/20 visa:simple=280/500 total=997/4000
[52] +19/20 visa:simple=299/500 total=1016/4000
[53] +19/20 residency:tricky=197/500 total=1035/4000
[54] +20/20 general:tricky=80/500 total=1055/4000
[55] +20/20 general:tricky=100/500 total=1075/4000
[56] +20/20 traffic:simple=100/500 total=1095/4000
[57] +20/20 traffic:simple=120/500 total=1115/4000
[58] +20/20 traffic:simple=140/500 total=1135/4000
[59] +18/20 general:tricky=118/500 total=1153/4000
[60] +20/20 visa:simple=319/500 total=1173/4000
[61] +19/20 visa:simple=338/500 total=1192/4000
[62] +20/20 traffic:tricky=60/500 total=1212/4000
[63] +20/20 residency:tricky=217/500 total=1232/4000
[64] +20/20 residency:tricky=237/500 total=1252/4000
[65] +20/20 visa:tricky=120/500 total=1272/4000
[66] +18/20 visa:simple=356/500 total=1290/4000
[67] +16/20 visa:simple=372/500 total=1306/4000
[68] +19/20 visa:simple=391/500 total=1325/4000
[69] +20/20 residency:simple=139/500 total=1345/4000
[70] +20/20 residency:simple=159/500 total=1365/4000
[71] +20/20 residency:simple=179/500 total=1385/4000
[72] +20/20 residency:tricky=257/500 total=1405/4000
[73] +20/20 general:tricky=138/500 total=1425/4000
[74] +20/20 traffic:simple=160/500 total=1445/4000
[75] +20/20 general:simple=160/500 total=1465/4000
[76] +20/20 general:tricky=158/500 total=1485/4000
[77] +20/20 general:tricky=178/500 total=1505/4000
[78] +20/20 residency:tricky=277/500 total=1525/4000
[79] +17/20 visa:simple=408/500 total=1542/4000
[80] +19/20 general:tricky=197/500 total=1561/4000
[81] +20/20 visa:simple=428/500 total=1581/4000
[82] +20/20 general:simple=180/500 total=1601/4000
[83] +19/20 visa:simple=447/500 total=1620/4000
[84] +20/20 residency:simple=199/500 total=1640/4000
[85] +20/20 residency:simple=219/500 total=1660/4000
[86] +18/20 visa:simple=465/500 total=1678/4000
[87] +20/20 traffic:tricky=80/500 total=1698/4000
[88] +20/20 residency:tricky=297/500 total=1718/4000
[89] +20/20 residency:tricky=317/500 total=1738/4000
[90] +20/20 visa:simple=485/500 total=1758/4000
[91] +20/20 traffic:simple=180/500 total=1778/4000
[92] +20/20 residency:tricky=337/500 total=1798/4000
[93] +20/20 visa:tricky=140/500 total=1818/4000
[94] +20/20 general:tricky=217/500 total=1838/4000
[95] +20/20 traffic:simple=200/500 total=1858/4000
[96] +19/20 traffic:simple=219/500 total=1877/4000
[97] +20/20 visa:simple=505/500 total=1897/4000
[98] +20/20 general:tricky=237/500 total=1917/4000
[99] +19/20 general:tricky=256/500 total=1936/4000
[100] +20/20 visa:tricky=160/500 total=1956/4000
[101] +18/20 visa:tricky=178/500 total=1974/4000
[102] +20/20 general:tricky=276/500 total=1994/4000
[103] +20/20 visa:tricky=198/500 total=2014/4000
[104] +20/20 traffic:simple=239/500 total=2034/4000
[105] +20/20 residency:tricky=357/500 total=2054/4000
[106] +20/20 traffic:tricky=100/500 total=2074/4000
[107] +19/20 residency:tricky=376/500 total=2093/4000
[108] +20/20 traffic:simple=259/500 total=2113/4000
[109] +20/20 visa:tricky=218/500 total=2133/4000
[110] +20/20 traffic:tricky=120/500 total=2153/4000
[111] +20/20 general:simple=200/500 total=2173/4000
[112] +20/20 general:simple=220/500 total=2193/4000
[113] +20/20 traffic:simple=279/500 total=2213/4000
[114] +20/20 general:tricky=296/500 total=2233/4000
[115] +20/20 traffic:tricky=140/500 total=2253/4000
[116] +20/20 residency:tricky=396/500 total=2273/4000
[117] +18/20 general:simple=238/500 total=2291/4000
[118] +19/20 traffic:simple=298/500 total=2310/4000
[119] +18/20 visa:tricky=236/500 total=2328/4000
[120] +20/20 residency:tricky=416/500 total=2348/4000
[121] +20/20 residency:tricky=436/500 total=2368/4000
[122] +20/20 residency:tricky=456/500 total=2388/4000
[123] +19/20 visa:tricky=255/500 total=2407/4000
[124] +18/20 visa:tricky=273/500 total=2425/4000
[125] +20/20 traffic:simple=318/500 total=2445/4000
[126] +20/20 general:tricky=316/500 total=2465/4000
[127] +20/20 general:simple=258/500 total=2485/4000
[128] +20/20 traffic:simple=338/500 total=2505/4000
[129] +20/20 general:simple=278/500 total=2525/4000
[130] +18/20 traffic:simple=356/500 total=2543/4000
[131] +19/20 traffic:simple=375/500 total=2562/4000
[132] +18/20 general:tricky=334/500 total=2580/4000
[133] +18/20 general:simple=296/500 total=2598/4000
[134] +20/20 general:simple=316/500 total=2618/4000
[135] +20/20 residency:tricky=476/500 total=2638/4000
[136] +20/20 residency:tricky=496/500 total=2658/4000
[137] +20/20 general:simple=336/500 total=2678/4000
[138] +20/20 general:simple=356/500 total=2698/4000
[139] +20/20 visa:tricky=293/500 total=2718/4000
[140] +20/20 residency:simple=239/500 total=2738/4000
[141] +19/20 residency:tricky=515/500 total=2757/4000
[142] +20/20 general:tricky=354/500 total=2777/4000
[143] +20/20 traffic:tricky=160/500 total=2797/4000
[144] +20/20 residency:tricky=535/500 total=2817/4000
[145] +4/4 residency:tricky=539/500 total=2821/4000
[146] +20/20 general:simple=376/500 total=2841/4000
[147] +20/20 visa:tricky=313/500 total=2861/4000
[148] +20/20 visa:tricky=333/500 total=2881/4000
[149] +20/20 general:simple=396/500 total=2901/4000
[150] +19/20 visa:tricky=352/500 total=2920/4000
[151] +20/20 visa:tricky=372/500 total=2940/4000
[152] +20/20 traffic:tricky=180/500 total=2960/4000
[153] +20/20 traffic:tricky=200/500 total=2980/4000
[154] +20/20 visa:tricky=392/500 total=3000/4000
[155] +20/20 traffic:simple=395/500 total=3020/4000
[156] +20/20 general:tricky=374/500 total=3040/4000
[157] +20/20 visa:tricky=412/500 total=3060/4000
[158] +19/20 traffic:simple=414/500 total=3079/4000
[159] +20/20 traffic:simple=434/500 total=3099/4000
[160] +19/20 traffic:simple=453/500 total=3118/4000
[161] +19/20 visa:tricky=431/500 total=3137/4000
[162] +20/20 general:simple=416/500 total=3157/4000
[163] +20/20 general:tricky=394/500 total=3177/4000
[164] +19/20 visa:tricky=450/500 total=3196/4000
[165] +20/20 visa:tricky=470/500 total=3216/4000
[166] +20/20 traffic:tricky=220/500 total=3236/4000
[167] +20/20 residency:simple=259/500 total=3256/4000
[168] +20/20 general:simple=436/500 total=3276/4000
[169] +19/20 traffic:simple=472/500 total=3295/4000
[170] +20/20 general:simple=456/500 total=3315/4000
[171] +20/20 traffic:simple=492/500 total=3335/4000
[172] +18/20 general:tricky=412/500 total=3353/4000
[173] +20/20 traffic:tricky=240/500 total=3373/4000
[174] +19/20 residency:simple=278/500 total=3392/4000
[175] +20/20 traffic:simple=512/500 total=3412/4000
[176] +20/20 traffic:simple=532/500 total=3432/4000
[177] +20/20 general:simple=476/500 total=3452/4000
[178] +20/20 general:simple=496/500 total=3472/4000
[179] +19/20 general:simple=515/500 total=3491/4000
[180] +8/8 traffic:simple=540/500 total=3499/4000
[181] +20/20 traffic:tricky=260/500 total=3519/4000
[182] +20/20 traffic:tricky=280/500 total=3539/4000
[183] +19/20 residency:simple=297/500 total=3558/4000
[184] +20/20 general:simple=535/500 total=3578/4000
[185] +19/20 residency:simple=316/500 total=3597/4000
[186] +20/20 general:tricky=432/500 total=3617/4000
[187] +20/20 general:simple=555/500 total=3637/4000
[188] +19/20 residency:simple=335/500 total=3656/4000
[189] +20/20 general:simple=575/500 total=3676/4000
[190] +20/20 visa:tricky=490/500 total=3696/4000
[191] +19/20 residency:simple=354/500 total=3715/4000
[192] +20/20 general:tricky=452/500 total=3735/4000
[193] +20/20 traffic:tricky=300/500 total=3755/4000
[194] +20/20 visa:tricky=510/500 total=3775/4000
[195] +19/20 general:tricky=471/500 total=3794/4000
[196] +19/20 residency:simple=373/500 total=3813/4000
[197] +20/20 general:tricky=491/500 total=3833/4000
[198] +20/20 residency:simple=393/500 total=3853/4000
[199] +20/20 traffic:tricky=320/500 total=3873/4000
[200] +20/20 traffic:tricky=340/500 total=3893/4000
[201] +19/20 visa:tricky=529/500 total=3912/4000
[202] +20/20 traffic:tricky=360/500 total=3932/4000
[203] +9/9 general:tricky=500/500 total=3941/4000
[204] +19/20 residency:simple=412/500 total=3960/4000
[205] +20/20 residency:simple=432/500 total=3980/4000
[206] +9/9 general:tricky=509/500 total=3989/4000
[207] +19/20 general:tricky=528/500 total=4008/4000
[208] +20/20 traffic:tricky=380/500 total=4028/4000
[209] +20/20 traffic:tricky=400/500 total=4048/4000
[210] +20/20 general:tricky=548/500 total=4068/4000
[211] +19/20 traffic:tricky=419/500 total=4087/4000
[212] +20/20 traffic:tricky=439/500 total=4107/4000
[213] +19/20 residency:simple=451/500 total=4126/4000
[214] +20/20 residency:simple=471/500 total=4146/4000
[215] +20/20 residency:simple=491/500 total=4166/4000
[216] +20/20 traffic:tricky=459/500 total=4186/4000
[217] +20/20 traffic:tricky=479/500 total=4206/4000
[218] +17/20 residency:simple=508/500 total=4223/4000
[219] +20/20 traffic:tricky=499/500 total=4243/4000
[220] +18/20 residency:simple=526/500 total=4261/4000
[221] +20/20 residency:simple=546/500 total=4281/4000
[222] +1/1 traffic:tricky=500/500 total=4282/4000

Saved dataset to data/routing_dataset.jsonl
Total examples: 4282
By department: {'visa': 1034, 'residency': 1085, 'traffic': 1040, 'general': 1123}
By difficulty: {'simple': 2166, 'tricky': 2116}
visa: 1034/1000
residency: 1085/1000
traffic: 1040/1000
general: 1123/1000
Completed batches: 222, failed batches: 0
